// Jest Snapshot v1, https://goo.gl/fbAQLP

exports[`renders correctly 1`] = `
Array [
  <h1>
    Hello 
    Max
  </h1>,
  <button
    className="btn"
  >
    Click me
  </button>,
]
`;
